Archive member included to satisfy reference by file (symbol)

c:/st/stm32cubeide_1.5.0/stm32cubeide/plugins/com.st.stm32cube.ide.mcu.externaltools.gnu-tools-for-stm32.7-2018-q2-update.win32_1.5.0.202011040924/tools/bin/../lib/gcc/arm-none-eabi/7.3.1/../../../../arm-none-eabi/lib/thumb/v7e-m/fpv4-sp/hard\libc_nano.a(lib_a-exit.o)
                              c:/st/stm32cubeide_1.5.0/stm32cubeide/plugins/com.st.stm32cube.ide.mcu.externaltools.gnu-tools-for-stm32.7-2018-q2-update.win32_1.5.0.202011040924/tools/bin/../lib/gcc/arm-none-eabi/7.3.1/../../../../arm-none-eabi/lib/thumb/v7e-m/fpv4-sp/hard/rdimon-crt0.o (exit)
c:/st/stm32cubeide_1.5.0/stm32cubeide/plugins/com.st.stm32cube.ide.mcu.externaltools.gnu-tools-for-stm32.7-2018-q2-update.win32_1.5.0.202011040924/tools/bin/../lib/gcc/arm-none-eabi/7.3.1/../../../../arm-none-eabi/lib/thumb/v7e-m/fpv4-sp/hard\libc_nano.a(lib_a-impure.o)
                              c:/st/stm32cubeide_1.5.0/stm32cubeide/plugins/com.st.stm32cube.ide.mcu.externaltools.gnu-tools-for-stm32.7-2018-q2-update.win32_1.5.0.202011040924/tools/bin/../lib/gcc/arm-none-eabi/7.3.1/../../../../arm-none-eabi/lib/thumb/v7e-m/fpv4-sp/hard\libc_nano.a(lib_a-exit.o) (_global_impure_ptr)
c:/st/stm32cubeide_1.5.0/stm32cubeide/plugins/com.st.stm32cube.ide.mcu.externaltools.gnu-tools-for-stm32.7-2018-q2-update.win32_1.5.0.202011040924/tools/bin/../lib/gcc/arm-none-eabi/7.3.1/../../../../arm-none-eabi/lib/thumb/v7e-m/fpv4-sp/hard\libc_nano.a(lib_a-init.o)
                              c:/st/stm32cubeide_1.5.0/stm32cubeide/plugins/com.st.stm32cube.ide.mcu.externaltools.gnu-tools-for-stm32.7-2018-q2-update.win32_1.5.0.202011040924/tools/bin/../lib/gcc/arm-none-eabi/7.3.1/../../../../arm-none-eabi/lib/thumb/v7e-m/fpv4-sp/hard/rdimon-crt0.o (__libc_init_array)
c:/st/stm32cubeide_1.5.0/stm32cubeide/plugins/com.st.stm32cube.ide.mcu.externaltools.gnu-tools-for-stm32.7-2018-q2-update.win32_1.5.0.202011040924/tools/bin/../lib/gcc/arm-none-eabi/7.3.1/../../../../arm-none-eabi/lib/thumb/v7e-m/fpv4-sp/hard\libc_nano.a(lib_a-memset.o)
                              c:/st/stm32cubeide_1.5.0/stm32cubeide/plugins/com.st.stm32cube.ide.mcu.externaltools.gnu-tools-for-stm32.7-2018-q2-update.win32_1.5.0.202011040924/tools/bin/../lib/gcc/arm-none-eabi/7.3.1/../../../../arm-none-eabi/lib/thumb/v7e-m/fpv4-sp/hard/rdimon-crt0.o (memset)
c:/st/stm32cubeide_1.5.0/stm32cubeide/plugins/com.st.stm32cube.ide.mcu.externaltools.gnu-tools-for-stm32.7-2018-q2-update.win32_1.5.0.202011040924/tools/bin/../lib/gcc/arm-none-eabi/7.3.1/../../../../arm-none-eabi/lib/thumb/v7e-m/fpv4-sp/hard\libc_nano.a(lib_a-strlen.o)
                              Src/0015_Usart_tx_testing.o (strlen)
c:/st/stm32cubeide_1.5.0/stm32cubeide/plugins/com.st.stm32cube.ide.mcu.externaltools.gnu-tools-for-stm32.7-2018-q2-update.win32_1.5.0.202011040924/tools/bin/../lib/gcc/arm-none-eabi/7.3.1/../../../../arm-none-eabi/lib/thumb/v7e-m/fpv4-sp/hard\librdimon_nano.a(rdimon-syscalls.o)
                              c:/st/stm32cubeide_1.5.0/stm32cubeide/plugins/com.st.stm32cube.ide.mcu.externaltools.gnu-tools-for-stm32.7-2018-q2-update.win32_1.5.0.202011040924/tools/bin/../lib/gcc/arm-none-eabi/7.3.1/../../../../arm-none-eabi/lib/thumb/v7e-m/fpv4-sp/hard/rdimon-crt0.o (initialise_monitor_handles)
c:/st/stm32cubeide_1.5.0/stm32cubeide/plugins/com.st.stm32cube.ide.mcu.externaltools.gnu-tools-for-stm32.7-2018-q2-update.win32_1.5.0.202011040924/tools/bin/../lib/gcc/arm-none-eabi/7.3.1/../../../../arm-none-eabi/lib/thumb/v7e-m/fpv4-sp/hard\librdimon_nano.a(rdimon-_exit.o)
                              c:/st/stm32cubeide_1.5.0/stm32cubeide/plugins/com.st.stm32cube.ide.mcu.externaltools.gnu-tools-for-stm32.7-2018-q2-update.win32_1.5.0.202011040924/tools/bin/../lib/gcc/arm-none-eabi/7.3.1/../../../../arm-none-eabi/lib/thumb/v7e-m/fpv4-sp/hard\libc_nano.a(lib_a-exit.o) (_exit)
c:/st/stm32cubeide_1.5.0/stm32cubeide/plugins/com.st.stm32cube.ide.mcu.externaltools.gnu-tools-for-stm32.7-2018-q2-update.win32_1.5.0.202011040924/tools/bin/../lib/gcc/arm-none-eabi/7.3.1/../../../../arm-none-eabi/lib/thumb/v7e-m/fpv4-sp/hard\librdimon_nano.a(rdimon-_kill.o)
                              c:/st/stm32cubeide_1.5.0/stm32cubeide/plugins/com.st.stm32cube.ide.mcu.externaltools.gnu-tools-for-stm32.7-2018-q2-update.win32_1.5.0.202011040924/tools/bin/../lib/gcc/arm-none-eabi/7.3.1/../../../../arm-none-eabi/lib/thumb/v7e-m/fpv4-sp/hard\librdimon_nano.a(rdimon-_exit.o) (_kill)
c:/st/stm32cubeide_1.5.0/stm32cubeide/plugins/com.st.stm32cube.ide.mcu.externaltools.gnu-tools-for-stm32.7-2018-q2-update.win32_1.5.0.202011040924/tools/bin/../lib/gcc/arm-none-eabi/7.3.1/../../../../arm-none-eabi/lib/thumb/v7e-m/fpv4-sp/hard\libc_nano.a(lib_a-errno.o)
[...]
Memory Configuration

Name             Origin             Length             Attributes
RAM              0x0000000020000000 0x0000000000020000 xrw
FLASH            0x0000000008000000 0x0000000000100000 xr
*default*        0x0000000000000000 0xffffffffffffffff

Linker script and memory map

LOAD c:/st/stm32cubeide_1.5.0/stm32cubeide/plugins/com.st.stm32cube.ide.mcu.externaltools.gnu-tools-for-stm32.7-2018-q2-update.win32_1.5.0.202011040924/tools/bin/../lib/gcc/arm-none-eabi/7.3.1/thumb/v7e-m/fpv4-sp/hard/crti.o
LOAD c:/st/stm32cubeide_1.5.0/stm32cubeide/plugins/com.st.stm32cube.ide.mcu.externaltools.gnu-tools-for-stm32.7-2018-q2-update.win32_1.5.0.202011040924/tools/bin/../lib/gcc/arm-none-eabi/7.3.1/thumb/v7e-m/fpv4-sp/hard/crtbegin.o
LOAD c:/st/stm32cubeide_1.5.0/stm32cubeide/plugins/com.st.stm32cube.ide.mcu.externaltools.gnu-tools-for-stm32.7-2018-q2-update.win32_1.5.0.202011040924/tools/bin/../lib/gcc/arm-none-eabi/7.3.1/../../../../arm-none-eabi/lib/thumb/v7e-m/fpv4-sp/hard/rdimon-crt0.o
LOAD Src/0015_Usart_tx_testing.o
LOAD Startup/startup_stm32f407vgtx.o
LOAD drivers/src/Stm32f407vg_spi_driver.o
LOAD drivers/src/stm32F407VG_I2C_driver.o
LOAD drivers/src/stm32F407VG_USART_driver2.o
LOAD drivers/src/stm32f407VG_Gpio_driver.o
LOAD drivers/src/stm32f407VG_rcc_driver.o
LOAD c:/st/stm32cubeide_1.5.0/stm32cubeide/plugins/com.st.stm32cube.ide.mcu.externaltools.gnu-tools-for-stm32.7-2018-q2-update.win32_1.5.0.202011040924/tools/bin/../lib/gcc/arm-none-eabi/7.3.1/../../../../arm-none-eabi/lib/thumb/v7e-m/fpv4-sp/hard\libc_nano.a
LOAD c:/st/stm32cubeide_1.5.0/stm32cubeide/plugins/com.st.stm32cube.ide.mcu.externaltools.gnu-tools-for-stm32.7-2018-q2-update.win32_1.5.0.202011040924/tools/bin/../lib/gcc/arm-none-eabi/7.3.1/../../../../arm-none-eabi/lib/thumb/v7e-m/fpv4-sp/hard\librdimon_nano.a
START GROUP
LOAD c:/st/stm32cubeide_1.5.0/stm32cubeide/plugins/com.st.stm32cube.ide.mcu.externaltools.gnu-tools-for-stm32.7-2018-q2-update.win32_1.5.0.202011040924/tools/bin/../lib/gcc/arm-none-eabi/7.3.1/../../../../arm-none-eabi/lib/thumb/v7e-m/fpv4-sp/hard\libc_nano.a
LOAD c:/st/stm32cubeide_1.5.0/stm32cubeide/plugins/com.st.stm32cube.ide.mcu.externaltools.gnu-tools-for-stm32.7-2018-q2-update.win32_1.5.0.202011040924/tools/bin/../lib/gcc/arm-none-eabi/7.3.1/../../../../arm-none-eabi/lib/thumb/v7e-m/fpv4-sp/hard\libm.a
END GROUP
START GROUP
LOAD c:/st/stm32cubeide_1.5.0/stm32cubeide/plugins/com.st.stm32cube.ide.mcu.externaltools.gnu-tools-for-stm32.7-2018-q2-update.win32_1.5.0.202011040924/tools/bin/../lib/gcc/arm-none-eabi/7.3.1/thumb/v7e-m/fpv4-sp/hard\libgcc.a
LOAD c:/st/stm32cubeide_1.5.0/stm32cubeide/plugins/com.st.stm32cube.ide.mcu.externaltools.gnu-tools-for-stm32.7-2018-q2-update.win32_1.5.0.202011040924/tools/bin/../lib/gcc/arm-none-eabi/7.3.1/../../../../arm-none-eabi/lib/thumb/v7e-m/fpv4-sp/hard\libc_nano.a
END GROUP
START GROUP
LOAD c:/st/stm32cubeide_1.5.0/stm32cubeide/plugins/com.st.stm32cube.ide.mcu.externaltools.gnu-tools-for-stm32.7-2018-q2-update.win32_1.5.0.202011040924/tools/bin/../lib/gcc/arm-none-eabi/7.3.1/thumb/v7e-m/fpv4-sp/hard\libgcc.a
LOAD c:/st/stm32cubeide_1.5.0/stm32cubeide/plugins/com.st.stm32cube.ide.mcu.externaltools.gnu-tools-for-stm32.7-2018-q2-update.win32_1.5.0.202011040924/tools/bin/../lib/gcc/arm-none-eabi/7.3.1/../../../../arm-none-eabi/lib/thumb/v7e-m/fpv4-sp/hard\libc_nano.a
LOAD c:/st/stm32cubeide_1.5.0/stm32cubeide/plugins/com.st.stm32cube.ide.mcu.externaltools.gnu-tools-for-stm32.7-2018-q2-update.win32_1.5.0.202011040924/tools/bin/../lib/gcc/arm-none-eabi/7.3.1/../../../../arm-none-eabi/lib/thumb/v7e-m/fpv4-sp/hard\libnosys.a
END GROUP
START GROUP
LOAD c:/st/stm32cubeide_1.5.0/stm32cubeide/plugins/com.st.stm32cube.ide.mcu.externaltools.gnu-tools-for-stm32.7-2018-q2-update.win32_1.5.0.202011040924/tools/bin/../lib/gcc/arm-none-eabi/7.3.1/thumb/v7e-m/fpv4-sp/hard\libgcc.a
LOAD c:/st/stm32cubeide_1.5.0/stm32cubeide/plugins/com.st.stm32cube.ide.mcu.externaltools.gnu-tools-for-stm32.7-2018-q2-update.win32_1.5.0.202011040924/tools/bin/../lib/gcc/arm-none-eabi/7.3.1/../../../../arm-none-eabi/lib/thumb/v7e-m/fpv4-sp/hard\libc_nano.a
LOAD c:/st/stm32cubeide_1.5.0/stm32cubeide/plugins/com.st.stm32cube.ide.mcu.externaltools.gnu-tools-for-stm32.7-2018-q2-update.win32_1.5.0.202011040924/tools/bin/../lib/gcc/arm-none-eabi/7.3.1/../../../../arm-none-eabi/lib/thumb/v7e-m/fpv4-sp/hard\librdimon_nano.a
END GROUP
START GROUP
LOAD c:/st/stm32cubeide_1.5.0/stm32cubeide/plugins/com.st.stm32cube.ide.mcu.externaltools.gnu-tools-for-stm32.7-2018-q2-update.win32_1.5.0.202011040924/tools/bin/../lib/gcc/arm-none-eabi/7.3.1/thumb/v7e-m/fpv4-sp/hard\libgcc.a
LOAD c:/st/stm32cubeide_1.5.0/stm32cubeide/plugins/com.st.stm32cube.ide.mcu.externaltools.gnu-tools-for-stm32.7-2018-q2-update.win32_1.5.0.202011040924/tools/bin/../lib/gcc/arm-none-eabi/7.3.1/../../../../arm-none-eabi/lib/thumb/v7e-m/fpv4-sp/hard\libc_nano.a
LOAD c:/st/stm32cubeide_1.5.0/stm32cubeide/plugins/com.st.stm32cube.ide.mcu.externaltools.gnu-tools-for-stm32.7-2018-q2-update.win32_1.5.0.202011040924/tools/bin/../lib/gcc/arm-none-eabi/7.3.1/../../../../arm-none-eabi/lib/thumb/v7e-m/fpv4-sp/hard\librdimon_nano.a
LOAD c:/st/stm32cubeide_1.5.0/stm32cubeide/plugins/com.st.stm32cube.ide.mcu.externaltools.gnu-tools-for-stm32.7-2018-q2-update.win32_1.5.0.202011040924/tools/bin/../lib/gcc/arm-none-eabi/7.3.1/../../../../arm-none-eabi/lib/thumb/v7e-m/fpv4-sp/hard\libnosys.a
END GROUP
LOAD c:/st/stm32cubeide_1.5.0/stm32cubeide/plugins/com.st.stm32cube.ide.mcu.externaltools.gnu-tools-for-stm32.7-2018-q2-update.win32_1.5.0.202011040924/tools/bin/../lib/gcc/arm-none-eabi/7.3.1/thumb/v7e-m/fpv4-sp/hard/crtend.o
LOAD c:/st/stm32cubeide_1.5.0/stm32cubeide/plugins/com.st.stm32cube.ide.mcu.externaltools.gnu-tools-for-stm32.7-2018-q2-update.win32_1.5.0.202011040924/tools/bin/../lib/gcc/arm-none-eabi/7.3.1/thumb/v7e-m/fpv4-sp/hard/crtn.o
                0x0000000020020000                _estack = (ORIGIN (RAM) + LENGTH (RAM))
                0x0000000000000200                _Min_Heap_Size = 0x200
                0x0000000000000400                _Min_Stack_Size = 0x400

.isr_vector     0x0000000008000000      0x1a8
                0x0000000008000000                . = ALIGN (0x4)
 *(.isr_vector)
 .isr_vector    0x0000000008000000      0x1a8 Startup/startup_stm32f407vgtx.o
                0x0000000008000000                g_pfnVectors
                0x00000000080001a8                . = ALIGN (0x4)

.text           0x00000000080001a8      0xcf4
                0x00000000080001a8                . = ALIGN (0x4)
 *(.text)
 .text          0x00000000080001a8       0x40 c:/st/stm32cubeide_1.5.0/stm32cubeide/plugins/com.st.stm32cube.ide.mcu.externaltools.gnu-tools-for-stm32.7-2018-q2-update.win32_1.5.0.202011040924/tools/bin/../lib/gcc/arm-none-eabi/7.3.1/thumb/v7e-m/fpv4-sp/hard/crtbegin.o
 .text          0x00000000080001e8       0x10 c:/st/stm32cubeide_1.5.0/stm32cubeide/plugins/com.st.stm32cube.ide.mcu.externaltools.gnu-tools-for-stm32.7-2018-q2-update.win32_1.5.0.202011040924/tools/bin/../lib/gcc/arm-none-eabi/7.3.1/../../../../arm-none-eabi/lib/thumb/v7e-m/fpv4-sp/hard\libc_nano.a(lib_a-strlen.o)
                0x00000000080001e8                strlen
 *(.text*)
 .text.USART2_Init
                0x00000000080001f8       0x44 Src/0015_Usart_tx_testing.o
                0x00000000080001f8                USART2_Init
 .text.USART2_GPIOInit
                0x000000000800023c       0x44 Src/0015_Usart_tx_testing.o
                0x000000000800023c                USART2_GPIOInit
 .text.GPIO_ButtonInit
                0x0000000008000280       0x5c Src/0015_Usart_tx_testing.o
                0x0000000008000280                GPIO_ButtonInit
 .text.delay    0x00000000080002dc       0x2c Src/0015_Usart_tx_testing.o
                0x00000000080002dc                delay
 .text.main     0x0000000008000308       0x50 Src/0015_Usart_tx_testing.o
                0x0000000008000308                main
 .text.Reset_Handler
                0x0000000008000358       0x50 Startup/startup_stm32f407vgtx.o
                0x0000000008000358                Reset_Handler
 .text.Default_Handler
                0x00000000080003a8        0x2 Startup/startup_stm32f407vgtx.o
                0x00000000080003a8                RTC_Alarm_IRQHandler
                0x00000000080003a8                HASH_RNG_IRQHandler
                0x00000000080003a8                EXTI2_IRQHandler
                0x00000000080003a8                TIM8_CC_IRQHandler
                0x00000000080003a8                DebugMon_Handler
                0x00000000080003a8                TIM1_CC_IRQHandler
                0x00000000080003a8                DMA2_Stream5_IRQHandler
                0x00000000080003a8                HardFault_Handler
                0x00000000080003a8                DMA1_Stream5_IRQHandler
                0x00000000080003a8                SysTick_Handler
                0x00000000080003a8                PVD_IRQHandler
                0x00000000080003a8                SDIO_IRQHandler
                0x00000000080003a8                TAMP_STAMP_IRQHandler
                0x00000000080003a8                PendSV_Handler
                0x00000000080003a8                NMI_Handler
                0x00000000080003a8                CAN2_RX1_IRQHandler
                0x00000000080003a8                EXTI3_IRQHandler
                0x00000000080003a8                TIM8_TRG_COM_TIM14_IRQHandler
                0x00000000080003a8                TIM1_UP_TIM10_IRQHandler
                0x00000000080003a8                TIM8_UP_TIM13_IRQHandler
                0x00000000080003a8                I2C3_ER_IRQHandler
                0x00000000080003a8                LCD_TFT_IRQHandler
                0x00000000080003a8                EXTI0_IRQHandler
                0x00000000080003a8                I2C2_EV_IRQHandler
                0x00000000080003a8                DMA1_Stream2_IRQHandler
                0x00000000080003a8                CAN1_RX0_IRQHandler
                0x00000000080003a8                FPU_IRQHandler
                0x00000000080003a8                OTG_HS_WKUP_IRQHandler
                0x00000000080003a8                UsageFault_Handler
                0x00000000080003a8                CAN2_SCE_IRQHandler
                0x00000000080003a8                DMA2_Stream2_IRQHandler
                0x00000000080003a8                SPI1_IRQHandler
                0x00000000080003a8                TIM6_DAC_IRQHandler
                0x00000000080003a8                TIM1_BRK_TIM9_IRQHandler
                0x00000000080003a8                DCMI_IRQHandler
                0x00000000080003a8                CAN2_RX0_IRQHandler
                0x00000000080003a8                DMA2_Stream3_IRQHandler
                0x00000000080003a8                USART6_IRQHandler
                0x00000000080003a8                USART3_IRQHandler
                0x00000000080003a8                CRYP_IRQHandler
                0x00000000080003a8                CAN1_RX1_IRQHandler
                0x00000000080003a8                UART5_IRQHandler
                0x00000000080003a8                DMA2_Stream0_IRQHandler
                0x00000000080003a8                TIM4_IRQHandler
                0x00000000080003a8                I2C1_EV_IRQHandler
                0x00000000080003a8                DMA1_Stream6_IRQHandler
                0x00000000080003a8                DMA1_Stream1_IRQHandler
                0x00000000080003a8                UART4_IRQHandler
                0x00000000080003a8                LCD_TFT_1_IRQHandler
                0x00000000080003a8                TIM3_IRQHandler
                0x00000000080003a8                RCC_IRQHandler
                0x00000000080003a8                TIM8_BRK_TIM12_IRQHandler
                0x00000000080003a8                Default_Handler
                0x00000000080003a8                EXTI15_10_IRQHandler
                0x00000000080003a8                ADC_IRQHandler
                0x00000000080003a8                DMA1_Stream7_IRQHandler
                0x00000000080003a8                TIM7_IRQHandler
                0x00000000080003a8                CAN2_TX_IRQHandler
                0x00000000080003a8                TIM5_IRQHandler
                0x00000000080003a8                DMA2_Stream7_IRQHandler
                0x00000000080003a8                I2C3_EV_IRQHandler
                0x00000000080003a8                EXTI9_5_IRQHandler
                0x00000000080003a8                RTC_WKUP_IRQHandler
                0x00000000080003a8                ETH_WKUP_IRQHandler
                0x00000000080003a8                SPI2_IRQHandler
                0x00000000080003a8                OTG_HS_EP1_IN_IRQHandler
                0x00000000080003a8                MemManage_Handler
                0x00000000080003a8                DMA1_Stream0_IRQHandler
                0x00000000080003a8                CAN1_TX_IRQHandler
                0x00000000080003a8                SVC_Handler
                0x00000000080003a8                EXTI4_IRQHandler
                0x00000000080003a8                FSMC_IRQHandler
                0x00000000080003a8                ETH_IRQHandler
                0x00000000080003a8                OTG_HS_EP1_OUT_IRQHandler
                0x00000000080003a8                WWDG_IRQHandler
                0x00000000080003a8                TIM2_IRQHandler
                0x00000000080003a8                OTG_FS_WKUP_IRQHandler
                0x00000000080003a8                TIM1_TRG_COM_TIM11_IRQHandler
                0x00000000080003a8                OTG_HS_IRQHandler
                0x00000000080003a8                EXTI1_IRQHandler
                0x00000000080003a8                USART2_IRQHandler
                0x00000000080003a8                I2C2_ER_IRQHandler
                0x00000000080003a8                DMA2_Stream1_IRQHandler
                0x00000000080003a8                CAN1_SCE_IRQHandler
                0x00000000080003a8                DMA2_Stream4_IRQHandler
                0x00000000080003a8                BusFault_Handler
                0x00000000080003a8                USART1_IRQHandler
                0x00000000080003a8                OTG_FS_IRQHandler
                0x00000000080003a8                SPI3_IRQHandler
                0x00000000080003a8                DMA1_Stream4_IRQHandler
                0x00000000080003a8                I2C1_ER_IRQHandler
                0x00000000080003a8                DMA2_Stream6_IRQHandler
                0x00000000080003a8                DMA1_Stream3_IRQHandler
 *fill*         0x00000000080003aa        0x2 
 .text.USART_PeriClockControl
                0x00000000080003ac       0xe0 drivers/src/stm32F407VG_USART_driver2.o
                0x00000000080003ac                USART_PeriClockControl
 .text.USART_PeripheralControl
                0x000000000800048c       0x38 drivers/src/stm32F407VG_USART_driver2.o
                0x000000000800048c                USART_PeripheralControl
 .text.USART_Init
                0x00000000080004c4      0x106 drivers/src/stm32F407VG_USART_driver2.o
                0x00000000080004c4                USART_Init
 .text.USART_SendData
                0x00000000080005ca       0x9a drivers/src/stm32F407VG_USART_driver2.o
                0x00000000080005ca                USART_SendData
 .text.USART_SetBaudRate
                0x0000000008000664       0xe4 drivers/src/stm32F407VG_USART_driver2.o
                0x0000000008000664                USART_SetBaudRate
 .text.USART_GetFlagStatus
                0x0000000008000748       0x2a drivers/src/stm32F407VG_USART_driver2.o
                0x0000000008000748                USART_GetFlagStatus
 *fill*         0x0000000008000772        0x2 
 .text.GPIO_PeriClockControl
                0x0000000008000774      0x1d0 drivers/src/stm32f407VG_Gpio_driver.o
                0x0000000008000774                GPIO_PeriClockControl
 .text.GPIO_Init
                0x0000000008000944      0x354 drivers/src/stm32f407VG_Gpio_driver.o
                0x0000000008000944                GPIO_Init
 .text.GPIO_ReadFromInputPin
                0x0000000008000c98       0x2c drivers/src/stm32f407VG_Gpio_driver.o
                0x0000000008000c98                GPIO_ReadFromInputPin
 .text.RCC_GETPCLK1Value
                0x0000000008000cc4       0xb4 drivers/src/stm32f407VG_rcc_driver.o
                0x0000000008000cc4                RCC_GETPCLK1Value
 .text.RCC_GETPCLK2Value
                0x0000000008000d78       0xb4 drivers/src/stm32f407VG_rcc_driver.o
                0x0000000008000d78                RCC_GETPCLK2Value
 .text.RCC_GetPLLOutputClock
                0x0000000008000e2c       0x10 drivers/src/stm32f407VG_rcc_driver.o
                0x0000000008000e2c                RCC_GetPLLOutputClock
 .text.__libc_init_array
                0x0000000008000e3c       0x48 c:/st/stm32cubeide_1.5.0/stm32cubeide/plugins/com.st.stm32cube.ide.mcu.externaltools.gnu-tools-for-stm32.7-2018-q2-update.win32_1.5.0.202011040924/tools/bin/../lib/gcc/arm-none-eabi/7.3.1/../../../../arm-none-eabi/lib/thumb/v7e-m/fpv4-sp/hard\libc_nano.a(lib_a-init.o)
                0x0000000008000e3c                __libc_init_array
 *(.glue_7)
 .glue_7        0x0000000008000e84        0x0 linker stubs
 *(.glue_7t)
 .glue_7t       0x0000000008000e84        0x0 linker stubs
 *(.eh_frame)
 .eh_frame      0x0000000008000e84        0x0 c:/st/stm32cubeide_1.5.0/stm32cubeide/plugins/com.st.stm32cube.ide.mcu.externaltools.gnu-tools-for-stm32.7-2018-q2-update.win32_1.5.0.202011040924/tools/bin/../lib/gcc/arm-none-eabi/7.3.1/thumb/v7e-m/fpv4-sp/hard/crtbegin.o
 *(.init)
 .init          0x0000000008000e84        0x4 c:/st/stm32cubeide_1.5.0/stm32cubeide/plugins/com.st.stm32cube.ide.mcu.externaltools.gnu-tools-for-stm32.7-2018-q2-update.win32_1.5.0.202011040924/tools/bin/../lib/gcc/arm-none-eabi/7.3.1/thumb/v7e-m/fpv4-sp/hard/crti.o
                0x0000000008000e84                _init
 .init          0x0000000008000e88        0x8 c:/st/stm32cubeide_1.5.0/stm32cubeide/plugins/com.st.stm32cube.ide.mcu.externaltools.gnu-tools-for-stm32.7-2018-q2-update.win32_1.5.0.202011040924/tools/bin/../lib/gcc/arm-none-eabi/7.3.1/thumb/v7e-m/fpv4-sp/hard/crtn.o
 *(.fini)
 .fini          0x0000000008000e90        0x4 c:/st/stm32cubeide_1.5.0/stm32cubeide/plugins/com.st.stm32cube.ide.mcu.externaltools.gnu-tools-for-stm32.7-2018-q2-update.win32_1.5.0.202011040924/tools/bin/../lib/gcc/arm-none-eabi/7.3.1/thumb/v7e-m/fpv4-sp/hard/crti.o
                0x0000000008000e90                _fini
 .fini          0x0000000008000e94        0x8 c:/st/stm32cubeide_1.5.0/stm32cubeide/plugins/com.st.stm32cube.ide.mcu.externaltools.gnu-tools-for-stm32.7-2018-q2-update.win32_1.5.0.202011040924/tools/bin/../lib/gcc/arm-none-eabi/7.3.1/thumb/v7e-m/fpv4-sp/hard/crtn.o
                0x0000000008000e9c                . = ALIGN (0x4)
                0x0000000008000e9c                _etext = .

.vfp11_veneer   0x0000000008000e9c        0x0
 .vfp11_veneer  0x0000000008000e9c        0x0 linker stubs

.v4_bx          0x0000000008000e9c        0x0
 .v4_bx         0x0000000008000e9c        0x0 linker stubs

.iplt           0x0000000008000e9c        0x0
 .iplt          0x0000000008000e9c        0x0 c:/st/stm32cubeide_1.5.0/stm32cubeide/plugins/com.st.stm32cube.ide.mcu.externaltools.gnu-tools-for-stm32.7-2018-q2-update.win32_1.5.0.202011040924/tools/bin/../lib/gcc/arm-none-eabi/7.3.1/thumb/v7e-m/fpv4-sp/hard/crtbegin.o

.rel.dyn        0x0000000008000e9c        0x0
 .rel.iplt      0x0000000008000e9c        0x0 c:/st/stm32cubeide_1.5.0/stm32cubeide/plugins/com.st.stm32cube.ide.mcu.externaltools.gnu-tools-for-stm32.7-2018-q2-update.win32_1.5.0.202011040924/tools/bin/../lib/gcc/arm-none-eabi/7.3.1/thumb/v7e-m/fpv4-sp/hard/crtbegin.o

.rodata         0x0000000008000e9c        0x0
                0x0000000008000e9c                . = ALIGN (0x4)
 *(.rodata)
 *(.rodata*)
                0x0000000008000e9c                . = ALIGN (0x4)

.ARM.extab      0x0000000008000e9c        0x0
                0x0000000008000e9c                . = ALIGN (0x4)
 *(.ARM.extab* .gnu.linkonce.armextab.*)
                0x0000000008000e9c                . = ALIGN (0x4)

.ARM            0x0000000008000e9c        0x0
                0x0000000008000e9c                . = ALIGN (0x4)
                0x0000000008000e9c                __exidx_start = .
 *(.ARM.exidx*)
                0x0000000008000e9c                __exidx_end = .
                0x0000000008000e9c                . = ALIGN (0x4)

.preinit_array  0x0000000008000e9c        0x0
                0x0000000008000e9c                . = ALIGN (0x4)
                0x0000000008000e9c                PROVIDE (__preinit_array_start = .)
 *(.preinit_array*)
                0x0000000008000e9c                PROVIDE (__preinit_array_end = .)
                0x0000000008000e9c                . = ALIGN (0x4)

.init_array     0x0000000008000e9c        0x4
                0x0000000008000e9c                . = ALIGN (0x4)
                0x0000000008000e9c                PROVIDE (__init_array_start = .)
 *(SORT_BY_NAME(.init_array.*))
 *(.init_array*)
 .init_array    0x0000000008000e9c        0x4 c:/st/stm32cubeide_1.5.0/stm32cubeide/plugins/com.st.stm32cube.ide.mcu.externaltools.gnu-tools-for-stm32.7-2018-q2-update.win32_1.5.0.202011040924/tools/bin/../lib/gcc/arm-none-eabi/7.3.1/thumb/v7e-m/fpv4-sp/hard/crtbegin.o
                0x0000000008000ea0                PROVIDE (__init_array_end = .)
                0x0000000008000ea0                . = ALIGN (0x4)

.fini_array     0x0000000008000ea0        0x4
                0x0000000008000ea0                . = ALIGN (0x4)
                [!provide]                        PROVIDE (__fini_array_start = .)
 *(SORT_BY_NAME(.fini_array.*))
 *(.fini_array*)
 .fini_array    0x0000000008000ea0        0x4 c:/st/stm32cubeide_1.5.0/stm32cubeide/plugins/com.st.stm32cube.ide.mcu.externaltools.gnu-tools-for-stm32.7-2018-q2-update.win32_1.5.0.202011040924/tools/bin/../lib/gcc/arm-none-eabi/7.3.1/thumb/v7e-m/fpv4-sp/hard/crtbegin.o
                [!provide]                        PROVIDE (__fini_array_end = .)
                0x0000000008000ea4                . = ALIGN (0x4)
                0x0000000008000ea4                _sidata = LOADADDR (.data)

.data           0x0000000020000000      0x41c load address 0x0000000008000ea4
                0x0000000020000000                . = ALIGN (0x4)
                0x0000000020000000                _sdata = .
 *(.data)
 *(.data*)
 .data.msg      0x0000000020000000      0x400 Src/0015_Usart_tx_testing.o
                0x0000000020000000                msg
 .data.AHB_PreScaler
                0x0000000020000400       0x10 drivers/src/stm32f407VG_rcc_driver.o
                0x0000000020000400                AHB_PreScaler
 .data.APB1_PreScaler
                0x0000000020000410        0xa drivers/src/stm32f407VG_rcc_driver.o
                0x0000000020000410                APB1_PreScaler
 *(.RamFunc)
 *(.RamFunc*)
                0x000000002000041c                . = ALIGN (0x4)
 *fill*         0x000000002000041a        0x2 
                0x000000002000041c                _edata = .

.igot.plt       0x000000002000041c        0x0 load address 0x00000000080012c0
 .igot.plt      0x000000002000041c        0x0 c:/st/stm32cubeide_1.5.0/stm32cubeide/plugins/com.st.stm32cube.ide.mcu.externaltools.gnu-tools-for-stm32.7-2018-q2-update.win32_1.5.0.202011040924/tools/bin/../lib/gcc/arm-none-eabi/7.3.1/thumb/v7e-m/fpv4-sp/hard/crtbegin.o
                0x000000002000041c                . = ALIGN (0x4)

.bss            0x000000002000041c       0x40 load address 0x00000000080012c0
                0x000000002000041c                _sbss = .
                0x000000002000041c                __bss_start__ = _sbss
 *(.bss)
 .bss           0x000000002000041c       0x1c c:/st/stm32cubeide_1.5.0/stm32cubeide/plugins/com.st.stm32cube.ide.mcu.externaltools.gnu-tools-for-stm32.7-2018-q2-update.win32_1.5.0.202011040924/tools/bin/../lib/gcc/arm-none-eabi/7.3.1/thumb/v7e-m/fpv4-sp/hard/crtbegin.o
 *(.bss*)
 *(COMMON)
 COMMON         0x0000000020000438       0x24 Src/0015_Usart_tx_testing.o
                0x0000000020000438                usart2_handle
                0x000000002000045c                . = ALIGN (0x4)
                0x000000002000045c                _ebss = .
                0x000000002000045c                __bss_end__ = _ebss

._user_heap_stack
                0x000000002000045c      0x604 load address 0x00000000080012c0
                0x0000000020000460                . = ALIGN (0x8)
 *fill*         0x000000002000045c        0x4 
                0x0000000020000460                PROVIDE (end = .)
                [!provide]                        PROVIDE (_end = .)
                0x0000000020000660                . = (. + _Min_Heap_Size)
 *fill*         0x0000000020000460      0x200 
                0x0000000020000a60                . = (. + _Min_Stack_Size)
 *fill*         0x0000000020000660      0x400 
                0x0000000020000a60                . = ALIGN (0x8)

/DISCARD/
 libc.a(*)
 libm.a(*)
 libgcc.a(*)

.ARM.attributes
                0x0000000000000000       0x30
 *(.ARM.attributes)
 .ARM.attributes
                0x0000000000000000       0x22 c:/st/stm32cubeide_1.5.0/stm32cubeide/plugins/com.st.stm32cube.ide.mcu.externaltools.gnu-tools-for-stm32.7-2018-q2-update.win32_1.5.0.202011040924/tools/bin/../lib/gcc/arm-none-eabi/7.3.1/thumb/v7e-m/fpv4-sp/hard/crti.o
 .ARM.attributes
                0x0000000000000022       0x34 c:/st/stm32cubeide_1.5.0/stm32cubeide/plugins/com.st.stm32cube.ide.mcu.externaltools.gnu-tools-for-stm32.7-2018-q2-update.win32_1.5.0.202011040924/tools/bin/../lib/gcc/arm-none-eabi/7.3.1/thumb/v7e-m/fpv4-sp/hard/crtbegin.o
 .ARM.attributes
                0x0000000000000056       0x39 Src/0015_Usart_tx_testing.o
 .ARM.attributes
                0x000000000000008f       0x21 Startup/startup_stm32f407vgtx.o
 .ARM.attributes
                0x00000000000000b0       0x39 drivers/src/stm32F407VG_USART_driver2.o
 .ARM.attributes
                0x00000000000000e9       0x39 drivers/src/stm32f407VG_Gpio_driver.o
 .ARM.attributes
                0x0000000000000122       0x39 drivers/src/stm32f407VG_rcc_driver.o
 .ARM.attributes
                0x000000000000015b       0x34 c:/st/stm32cubeide_1.5.0/stm32cubeide/plugins/com.st.stm32cube.ide.mcu.externaltools.gnu-tools-for-stm32.7-2018-q2-update.win32_1.5.0.202011040924/tools/bin/../lib/gcc/arm-none-eabi/7.3.1/../../../../arm-none-eabi/lib/thumb/v7e-m/fpv4-sp/hard\libc_nano.a(lib_a-init.o)
 .ARM.attributes
                0x000000000000018f       0x1b c:/st/stm32cubeide_1.5.0/stm32cubeide/plugins/com.st.stm32cube.ide.mcu.externaltools.gnu-tools-for-stm32.7-2018-q2-update.win32_1.5.0.202011040924/tools/bin/../lib/gcc/arm-none-eabi/7.3.1/../../../../arm-none-eabi/lib/thumb/v7e-m/fpv4-sp/hard\libc_nano.a(lib_a-strlen.o)
 .ARM.attributes
                0x00000000000001aa       0x22 c:/st/stm32cubeide_1.5.0/stm32cubeide/plugins/com.st.stm32cube.ide.mcu.externaltools.gnu-tools-for-stm32.7-2018-q2-update.win32_1.5.0.202011040924/tools/bin/../lib/gcc/arm-none-eabi/7.3.1/thumb/v7e-m/fpv4-sp/hard/crtn.o
OUTPUT(Stm32f407VG_drivers.elf elf32-littlearm)

.debug_info     0x0000000000000000     0x1e77
 .debug_info    0x0000000000000000      0xc13 Src/0015_Usart_tx_testing.o
 .debug_info    0x0000000000000c13       0x22 Startup/startup_stm32f407vgtx.o
 .debug_info    0x0000000000000c35      0x7a6 drivers/src/stm32F407VG_USART_driver2.o
 .debug_info    0x00000000000013db      0x70c drivers/src/stm32f407VG_Gpio_driver.o
 .debug_info    0x0000000000001ae7      0x390 drivers/src/stm32f407VG_rcc_driver.o

.debug_abbrev   0x0000000000000000      0x651
 .debug_abbrev  0x0000000000000000      0x22d Src/0015_Usart_tx_testing.o
 .debug_abbrev  0x000000000000022d       0x12 Startup/startup_stm32f407vgtx.o
 .debug_abbrev  0x000000000000023f      0x1cd drivers/src/stm32F407VG_USART_driver2.o
 .debug_abbrev  0x000000000000040c      0x159 drivers/src/stm32f407VG_Gpio_driver.o
 .debug_abbrev  0x0000000000000565       0xec drivers/src/stm32f407VG_rcc_driver.o

.debug_aranges  0x0000000000000000      0x190
 .debug_aranges
                0x0000000000000000       0x40 Src/0015_Usart_tx_testing.o
 .debug_aranges
                0x0000000000000040       0x28 Startup/startup_stm32f407vgtx.o
 .debug_aranges
                0x0000000000000068       0x88 drivers/src/stm32F407VG_USART_driver2.o
 .debug_aranges
                0x00000000000000f0       0x70 drivers/src/stm32f407VG_Gpio_driver.o
 .debug_aranges
                0x0000000000000160       0x30 drivers/src/stm32f407VG_rcc_driver.o

.debug_ranges   0x0000000000000000      0x148
 .debug_ranges  0x0000000000000000       0x30 Src/0015_Usart_tx_testing.o
 .debug_ranges  0x0000000000000030       0x20 Startup/startup_stm32f407vgtx.o
 .debug_ranges  0x0000000000000050       0x78 drivers/src/stm32F407VG_USART_driver2.o
 .debug_ranges  0x00000000000000c8       0x60 drivers/src/stm32f407VG_Gpio_driver.o
 .debug_ranges  0x0000000000000128       0x20 drivers/src/stm32f407VG_rcc_driver.o

.debug_macro    0x0000000000000000     0x307f
 .debug_macro   0x0000000000000000      0x237 Src/0015_Usart_tx_testing.o
 .debug_macro   0x0000000000000237      0xa60 Src/0015_Usart_tx_testing.o
 .debug_macro   0x0000000000000c97       0x22 Src/0015_Usart_tx_testing.o
 .debug_macro   0x0000000000000cb9       0x40 Src/0015_Usart_tx_testing.o
 .debug_macro   0x0000000000000cf9       0x18 Src/0015_Usart_tx_testing.o
 .debug_macro   0x0000000000000d11       0x94 Src/0015_Usart_tx_testing.o
 .debug_macro   0x0000000000000da5       0x3c Src/0015_Usart_tx_testing.o
 .debug_macro   0x0000000000000de1       0x34 Src/0015_Usart_tx_testing.o
 .debug_macro   0x0000000000000e15       0x16 Src/0015_Usart_tx_testing.o
 .debug_macro   0x0000000000000e2b       0x57 Src/0015_Usart_tx_testing.o
 .debug_macro   0x0000000000000e82       0x97 Src/0015_Usart_tx_testing.o
 .debug_macro   0x0000000000000f19      0x330 Src/0015_Usart_tx_testing.o
 .debug_macro   0x0000000000001249       0xfd Src/0015_Usart_tx_testing.o
 .debug_macro   0x0000000000001346       0x10 Src/0015_Usart_tx_testing.o
 .debug_macro   0x0000000000001356       0x52 Src/0015_Usart_tx_testing.o
 .debug_macro   0x00000000000013a8       0x1f Src/0015_Usart_tx_testing.o
 .debug_macro   0x00000000000013c7       0x43 Src/0015_Usart_tx_testing.o
 .debug_macro   0x000000000000140a       0x20 Src/0015_Usart_tx_testing.o
 .debug_macro   0x000000000000142a      0x1a3 Src/0015_Usart_tx_testing.o
 .debug_macro   0x00000000000015cd       0x10 Src/0015_Usart_tx_testing.o
 .debug_macro   0x00000000000015dd       0x6a Src/0015_Usart_tx_testing.o
 .debug_macro   0x0000000000001647       0x1c Src/0015_Usart_tx_testing.o
 .debug_macro   0x0000000000001663       0x52 Src/0015_Usart_tx_testing.o
 .debug_macro   0x00000000000016b5       0x40 Src/0015_Usart_tx_testing.o
 .debug_macro   0x00000000000016f5       0x10 Src/0015_Usart_tx_testing.o
 .debug_macro   0x0000000000001705       0x40 Src/0015_Usart_tx_testing.o
 .debug_macro   0x0000000000001745       0xd7 Src/0015_Usart_tx_testing.o
 .debug_macro   0x000000000000181c       0x1c Src/0015_Usart_tx_testing.o
 .debug_macro   0x0000000000001838       0x3d Src/0015_Usart_tx_testing.o
 .debug_macro   0x0000000000001875       0x16 Src/0015_Usart_tx_testing.o
 .debug_macro   0x000000000000188b      0x145 Src/0015_Usart_tx_testing.o
 .debug_macro   0x00000000000019d0       0x16 Src/0015_Usart_tx_testing.o
 .debug_macro   0x00000000000019e6       0x35 Src/0015_Usart_tx_testing.o
 .debug_macro   0x0000000000001a1b       0x20 Src/0015_Usart_tx_testing.o
 .debug_macro   0x0000000000001a3b       0x16 Src/0015_Usart_tx_testing.o
 .debug_macro   0x0000000000001a51       0xef Src/0015_Usart_tx_testing.o
 .debug_macro   0x0000000000001b40      0x1df Src/0015_Usart_tx_testing.o
 .debug_macro   0x0000000000001d1f      0x9d6 Src/0015_Usart_tx_testing.o
 .debug_macro   0x00000000000026f5      0x37d Src/0015_Usart_tx_testing.o
 .debug_macro   0x0000000000002a72       0xc4 Src/0015_Usart_tx_testing.o
 .debug_macro   0x0000000000002b36      0x171 Src/0015_Usart_tx_testing.o
 .debug_macro   0x0000000000002ca7       0x9c drivers/src/stm32F407VG_USART_driver2.o
 .debug_macro   0x0000000000002d43      0x171 drivers/src/stm32F407VG_USART_driver2.o
 .debug_macro   0x0000000000002eb4       0x83 drivers/src/stm32f407VG_Gpio_driver.o
 .debug_macro   0x0000000000002f37       0xc4 drivers/src/stm32f407VG_Gpio_driver.o
 .debug_macro   0x0000000000002ffb       0x84 drivers/src/stm32f407VG_rcc_driver.o

.debug_line     0x0000000000000000     0x18cb
 .debug_line    0x0000000000000000      0x6e5 Src/0015_Usart_tx_testing.o
 .debug_line    0x00000000000006e5       0x84 Startup/startup_stm32f407vgtx.o
 .debug_line    0x0000000000000769      0x682 drivers/src/stm32F407VG_USART_driver2.o
 .debug_line    0x0000000000000deb      0x66d drivers/src/stm32f407VG_Gpio_driver.o
 .debug_line    0x0000000000001458      0x473 drivers/src/stm32f407VG_rcc_driver.o

.debug_str      0x0000000000000000     0xb998
 .debug_str     0x0000000000000000     0xb45f Src/0015_Usart_tx_testing.o
                                       0xb6bf (size before relaxing)
 .debug_str     0x000000000000b45f       0x31 Startup/startup_stm32f407vgtx.o
                                         0x8a (size before relaxing)
 .debug_str     0x000000000000b490      0x2d3 drivers/src/stm32F407VG_USART_driver2.o
                                       0x74cb (size before relaxing)
 .debug_str     0x000000000000b763      0x188 drivers/src/stm32f407VG_Gpio_driver.o
                                       0x70b7 (size before relaxing)
 .debug_str     0x000000000000b8eb       0xad drivers/src/stm32f407VG_rcc_driver.o
                                       0x6cda (size before relaxing)

.comment        0x0000000000000000       0x7b
 .comment       0x0000000000000000       0x7b Src/0015_Usart_tx_testing.o
                                         0x7c (size before relaxing)
 .comment       0x000000000000007b       0x7c drivers/src/stm32F407VG_USART_driver2.o
 .comment       0x000000000000007b       0x7c drivers/src/stm32f407VG_Gpio_driver.o
 .comment       0x000000000000007b       0x7c drivers/src/stm32f407VG_rcc_driver.o

.debug_frame    0x0000000000000000      0x554
 .debug_frame   0x0000000000000000       0xb8 Src/0015_Usart_tx_testing.o
 .debug_frame   0x00000000000000b8      0x230 drivers/src/stm32F407VG_USART_driver2.o
 .debug_frame   0x00000000000002e8      0x1c8 drivers/src/stm32f407VG_Gpio_driver.o
 .debug_frame   0x00000000000004b0       0x78 drivers/src/stm32f407VG_rcc_driver.o
 .debug_frame   0x0000000000000528       0x2c c:/st/stm32cubeide_1.5.0/stm32cubeide/plugins/com.st.stm32cube.ide.mcu.externaltools.gnu-tools-for-stm32.7-2018-q2-update.win32_1.5.0.202011040924/tools/bin/../lib/gcc/arm-none-eabi/7.3.1/../../../../arm-none-eabi/lib/thumb/v7e-m/fpv4-sp/hard\libc_nano.a(lib_a-init.o)
