Stm32f407vg_spi_driver.c:28:9:SPI_GetFlagStatus	16	static
Stm32f407vg_spi_driver.c:55:6:SPI_PeriClockControl	16	static
Stm32f407vg_spi_driver.c:104:6:SPI_Init	24	static
Stm32f407vg_spi_driver.c:166:6:SPI_DeInit	16	static
Stm32f407vg_spi_driver.c:198:6:SPI_SendData	24	static
Stm32f407vg_spi_driver.c:235:6:SPI_ReceiveData	24	static
Stm32f407vg_spi_driver.c:276:6:SPI_PeripheralControl	16	static
Stm32f407vg_spi_driver.c:299:6:SPI_SSIConfig	16	static
Stm32f407vg_spi_driver.c:322:6:SPI_SSOEConfig	16	static
Stm32f407vg_spi_driver.c:338:6:SPI_IRQInterruptConfig	16	static
Stm32f407vg_spi_driver.c:376:6:SPI_IRQPriorityHandling	24	static
Stm32f407vg_spi_driver.c:386:9:SPI_SendDataIT	32	static
Stm32f407vg_spi_driver.c:411:9:SPI_ReceiveDataIT	32	static
Stm32f407vg_spi_driver.c:436:6:SPI_IRQHandling	24	static
Stm32f407vg_spi_driver.c:483:13:spi_txe_interrupt_handle	16	static
Stm32f407vg_spi_driver.c:513:13:spi_rxe_interrupt_handle	16	static
Stm32f407vg_spi_driver.c:542:14:spi_ovr_err_interrupt_handle	24	static
Stm32f407vg_spi_driver.c:561:13:SPI_ApplicationEventCallback	16	static
