20:14:47 **** Clean-only build of configuration Debug for project Stm32f407VG_drivers ****
make -j12 clean 
rm -rf *
 
20:14:47 **** Incremental Build of configuration Debug for project Stm32f407VG_drivers ****
make -j12 all 
arm-none-eabi-gcc "../drivers/src/stm32f407VG_Gpio_driver.c" -mcpu=cortex-m4 -std=gnu11 -g3 -DSTM32 -DSTM32F4 -DSTM32F407VGTx -DDEBUG -c -I../Inc -I"C:/Users/lamqi/OneDrive/Desktop/C_Programs/STM_Microcontroller/Stm32f407VG_drivers/drivers/inc" -O0 -ffunction-sections -fdata-sections -Wall -fstack-usage -MMD -MP -MF"drivers/src/stm32f407VG_Gpio_driver.d" -MT"drivers/src/stm32f407VG_Gpio_driver.o" --specs=nano.specs -mfpu=fpv4-sp-d16 -mfloat-abi=hard -mthumb -o "drivers/src/stm32f407VG_Gpio_driver.o"
arm-none-eabi-gcc -mcpu=cortex-m4 -g3 -c -x assembler-with-cpp -MMD -MP -MF"Startup/startup_stm32f407vgtx.d" -MT"Startup/startup_stm32f407vgtx.o" --specs=nano.specs -mfpu=fpv4-sp-d16 -mfloat-abi=hard -mthumb -o "Startup/startup_stm32f407vgtx.o" "../Startup/startup_stm32f407vgtx.s"
arm-none-eabi-gcc "../Src/002Led_Button.c" -mcpu=cortex-m4 -std=gnu11 -g3 -DSTM32 -DSTM32F4 -DSTM32F407VGTx -DDEBUG -c -I../Inc -I"C:/Users/lamqi/OneDrive/Desktop/C_Programs/STM_Microcontroller/Stm32f407VG_drivers/drivers/inc" -O0 -ffunction-sections -fdata-sections -Wall -fstack-usage -MMD -MP -MF"Src/002Led_Button.d" -MT"Src/002Led_Button.o" --specs=nano.specs -mfpu=fpv4-sp-d16 -mfloat-abi=hard -mthumb -o "Src/002Led_Button.o"
arm-none-eabi-gcc -o "Stm32f407VG_drivers.elf" @"objects.list"   -mcpu=cortex-m4 -T"C:\Users\lamqi\OneDrive\Desktop\C_Programs\STM_Microcontroller\Stm32f407VG_drivers\STM32F407VGTX_FLASH.ld" --specs=nosys.specs -Wl,-Map="Stm32f407VG_drivers.map" -Wl,--gc-sections -static --specs=nano.specs -mfpu=fpv4-sp-d16 -mfloat-abi=hard -mthumb -Wl,--start-group -lc -lm -Wl,--end-group
Finished building target: Stm32f407VG_drivers.elf
 
arm-none-eabi-size   Stm32f407VG_drivers.elf 
arm-none-eabi-objdump -h -S  Stm32f407VG_drivers.elf  > "Stm32f407VG_drivers.list"
arm-none-eabi-objcopy  -O binary  Stm32f407VG_drivers.elf  "Stm32f407VG_drivers.bin"
   text	   data	    bss	    dec	    hex	filename
   1788	      8	   1568	   3364	    d24	Stm32f407VG_drivers.elf
Finished building: default.size.stdout
 
Finished building: Stm32f407VG_drivers.bin
Finished building: Stm32f407VG_drivers.list
 
 
20:14:51 **** Incremental Build of configuration Debug for project Stm32f407VG_drivers ****
make -j12 all 
arm-none-eabi-size   Stm32f407VG_drivers.elf 
   text	   data	    bss	    dec	    hex	filename
   1788	      8	   1568	   3364	    d24	Stm32f407VG_drivers.elf
Finished building: default.size.stdout
 
20:16:12 **** Incremental Build of configuration Debug for project Stm32f407VG_drivers ****
make -j12 all 
arm-none-eabi-gcc "../Src/002Led_Button.c" -mcpu=cortex-m4 -std=gnu11 -g3 -DSTM32 -DSTM32F4 -DSTM32F407VGTx -DDEBUG -c -I../Inc -I"C:/Users/lamqi/OneDrive/Desktop/C_Programs/STM_Microcontroller/Stm32f407VG_drivers/drivers/inc" -O0 -ffunction-sections -fdata-sections -Wall -fstack-usage -MMD -MP -MF"Src/002Led_Button.d" -MT"Src/002Led_Button.o" --specs=nano.specs -mfpu=fpv4-sp-d16 -mfloat-abi=hard -mthumb -o "Src/002Led_Button.o"
arm-none-eabi-gcc -o "Stm32f407VG_drivers.elf" @"objects.list"   -mcpu=cortex-m4 -T"C:\Users\lamqi\OneDrive\Desktop\C_Programs\STM_Microcontroller\Stm32f407VG_drivers\STM32F407VGTX_FLASH.ld" --specs=nosys.specs -Wl,-Map="Stm32f407VG_drivers.map" -Wl,--gc-sections -static --specs=nano.specs -mfpu=fpv4-sp-d16 -mfloat-abi=hard -mthumb -Wl,--start-group -lc -lm -Wl,--end-group
Finished building target: Stm32f407VG_drivers.elf
 
arm-none-eabi-objdump -h -S  Stm32f407VG_drivers.elf  > "Stm32f407VG_drivers.list"
arm-none-eabi-objcopy  -O binary  Stm32f407VG_drivers.elf  "Stm32f407VG_drivers.bin"
arm-none-eabi-size   Stm32f407VG_drivers.elf 
   text	   data	    bss	    dec	    hex	filename
   1788	      8	   1568	   3364	    d24	Stm32f407VG_drivers.elf
Finished building: default.size.stdout
 
Finished building: Stm32f407VG_drivers.bin
Finished building: Stm32f407VG_drivers.list
 
 
